// Jest Snapshot v1, https://goo.gl/fbAQLP

exports[`>>>H O M E --- REACT-REDUX (Mount + wrapping in <Provider>) +++ check action list 1`] = `
Array [
  Object {
    "data": Object {
      "isAuthenticated": true,
      "name": "some",
      "password": "2323",
    },
    "type": "CHANGE_USER_DATA",
  },
  Object {
    "data": Object {
      "isAuthenticated": false,
      "name": "",
      "password": "",
    },
    "type": "CHANGE_USER_DATA",
  },
  Object {
    "data": Object {
      "data": Array [
        Object {
          "completed": false,
          "id": 1,
          "title": "delectus aut autem",
          "userId": 1,
        },
      ],
    },
    "type": "CHANGE_LIST_DATA",
  },
]
`;

exports[`>>>Pages --- Snapshot +++capturing Snapshot of DetailPage 1`] = `"<div class=\\"MuiContainer-root makeStyles-signInPage-1 MuiContainer-maxWidthSm\\"><div class=\\"MuiPaper-root MuiCard-root makeStyles-w100-4 makeStyles-p50-6 MuiPaper-elevation1 MuiPaper-rounded\\"><h2>Title : </h2><p>UserId : </p><p>ID : </p><p>State : <span class=\\"makeStyles-redFont-8\\">no completed</span></p></div></div>"`;

exports[`>>>Pages --- Snapshot +++capturing Snapshot of ListPage 1`] = `"<div class=\\"MuiContainer-root MuiContainer-maxWidthSm\\"><h2 class=\\"makeStyles-displayCenter-2 makeStyles-w100-4\\">List</h2><ul class=\\"MuiList-root MuiList-padding\\"><li class=\\"MuiListItem-root MuiListItem-gutters\\" data-testid=\\"item\\"><a href=\\"/detail/1\\">delectus aut autem</a><div class=\\"MuiListItemText-root makeStyles-redFont-8 makeStyles-flexEnd-3\\"><span class=\\"MuiTypography-root MuiListItemText-primary MuiTypography-body1\\">no completed</span></div></li></ul></div>"`;

exports[`>>>Pages --- Snapshot +++capturing Snapshot of SignInPage 1`] = `"<div class=\\"MuiContainer-root makeStyles-signInPage-1 MuiContainer-maxWidthSm\\"><div class=\\"MuiPaper-root MuiCard-root makeStyles-w100-4 MuiPaper-elevation1 MuiPaper-rounded\\"><h3 class=\\"makeStyles-textAlignCenter-7\\">Sign In</h3><div class=\\"makeStyles-w100-4 makeStyles-displayCenter-2 makeStyles-mb50-5\\"><div class=\\"MuiFormControl-root MuiTextField-root\\"><label class=\\"MuiFormLabel-root MuiInputLabel-root MuiInputLabel-formControl MuiInputLabel-animated Mui-required Mui-required\\" data-shrink=\\"false\\" for=\\"filled-basic\\" id=\\"filled-basic-label\\">UserName<span class=\\"MuiFormLabel-asterisk MuiInputLabel-asterisk\\">â€‰*</span></label><div class=\\"MuiInputBase-root MuiInput-root MuiInput-underline MuiInputBase-formControl MuiInput-formControl\\"><input type=\\"text\\" aria-invalid=\\"false\\" id=\\"filled-basic\\" name=\\"name\\" required=\\"\\" value=\\"\\" class=\\"MuiInputBase-input MuiInput-input\\"/></div></div></div><div class=\\"makeStyles-w100-4 makeStyles-displayCenter-2 makeStyles-mb50-5\\"><button class=\\"MuiButtonBase-root MuiButton-root MuiButton-contained MuiButton-containedPrimary\\" tabindex=\\"0\\" type=\\"button\\"><span class=\\"MuiButton-label\\">submit</span></button></div></div></div>"`;
